// Jest Snapshot v1, https://goo.gl/fbAQLP

exports[`index should render correctly 1`] = `
<h1>
  Hello, Index!
</h1>
`;
