// Jest Snapshot v1, https://goo.gl/fbAQLP

exports[`Header should render correctly 1`] = `
<Head>
  <title>
    test title
  </title>
</Head>
`;
