// Jest Snapshot v1, https://goo.gl/fbAQLP

exports[`DefaultLayout should render correctly 1`] = `
<Fragment>
  <Header
    title="test title"
  />
  <div>
    Children
  </div>
</Fragment>
`;
